// Jest Snapshot v1, https://goo.gl/fbAQLP

exports[`actor/button default test 1`] = `
<body>
  <div>
    <button
      aria-disabled="false"
      class="sc-bdvvaa gazzRl"
      type="button"
    />
  </div>
</body>
`;
